MODEL_PATH=reports/g_probe_toggle_dry/selected_checkpoints/global_step_108
PROJECT_NAME=shoppingbench-rl
EXPERIMENT_NAME=g_probe_toggle_dry_global_step_108
TRAIN_FILES=dataset/probe/sft_clean924_test8_state_local/probe.parquet
VAL_FILES=dataset/probe/sft_clean924_test8_state_local/probe.parquet
NGPUS_PER_NODE=2
TRAIN_BATCH_SIZE=8
VAL_BATCH_SIZE=8
ROLLOUT_N=8
ROLLOUT_MAX_NUM_SEQS=4
ROLLOUT_APPLY_MAX_NUM_SEQS=True
ROLLOUT_ENABLE_PREFIX_CACHING=False
ROLLOUT_MAX_MODEL_LEN=12288
ROLLOUT_GPU_MEMORY_UTILIZATION=0.55
ROLLOUT_ENFORCE_EAGER=False
ROLLOUT_FREE_CACHE_ENGINE=False
STABLE_ROLLOUT_SAMPLING=True
STABLE_ROLLOUT_SEED_REQUESTS=True
STABLE_ROLLOUT_DETERMINISTIC_REQUEST_ID=True
STABLE_ROLLOUT_STABLE_SERVER_ORDER=True
STABLE_ROLLOUT_STABLE_SERVER_ROUTING=True
STABLE_ROLLOUT_SEED_BASE=0
STABLE_ROLLOUT_OFFSET_BASE=0
STABLE_ROLLOUT_FORCE_GENERATION_CONFIG_N1=True
ACTOR_FSDP_MODEL_DTYPE=bf16
MAX_ASSISTANT_TURNS=15
MAX_USER_TURNS=15
MAX_PARALLEL_CALLS=4
STATE_MAX_CANDIDATES_PER_SEARCH=10
STATE_MAX_SEARCHES=12
STATE_MAX_BUDGET_CANDIDATES=120
STATE_MAX_VIEWED_PRODUCTS=40
STATE_NEVER_EXPAND=False
STATE_MIN_CHAR_SAVING=0.0
SYSTEM_PROMPT_FILE=src/agent/prompt/rollout.state_local.md
SEARCH_SERVER_URL=http://127.0.0.1:5631/
REQUIRE_SEARCH_SERVER=1
