MODEL_PATH=reports/sft_clean924_test8_g4_t02_fast_20260709_065621/selected_checkpoints/global_step_81
PROJECT_NAME=shoppingbench-rl
EXPERIMENT_NAME=qwen3_4b_voucher_sft_probe_global_step_81
TRAIN_FILES=dataset/probe/sft_clean924_test8_state_local/probe.parquet
VAL_FILES=dataset/probe/sft_clean924_test8_state_local/probe.parquet
NGPUS_PER_NODE=4
TRAIN_BATCH_SIZE=8
VAL_BATCH_SIZE=8
ROLLOUT_N=4
ROLLOUT_MAX_MODEL_LEN=10240
ROLLOUT_GPU_MEMORY_UTILIZATION=0.60
ROLLOUT_ENFORCE_EAGER=False
ROLLOUT_FREE_CACHE_ENGINE=False
ACTOR_FSDP_MODEL_DTYPE=bf16
MAX_ASSISTANT_TURNS=8
MAX_USER_TURNS=8
MAX_PARALLEL_CALLS=4
STATE_MAX_CANDIDATES_PER_SEARCH=10
STATE_MAX_SEARCHES=8
STATE_MAX_BUDGET_CANDIDATES=120
STATE_MAX_VIEWED_PRODUCTS=40
STATE_NEVER_EXPAND=False
STATE_MIN_CHAR_SAVING=0.0
SYSTEM_PROMPT_FILE=src/agent/prompt/rollout.state_local.md
SEARCH_SERVER_URL=http://127.0.0.1:5631/
REQUIRE_SEARCH_SERVER=1
